Archive member included to satisfy reference by file (symbol)

c:/st/gcc-arm-11.2-2022.02-mingw-w64-i686-arm-none-eabi/bin/../lib/gcc/arm-none-eabi/11.2.1/thumb/v7e-m+fp/hard\libc_nano.a(lib_a-exit.o)
                              c:/st/gcc-arm-11.2-2022.02-mingw-w64-i686-arm-none-eabi/bin/../lib/gcc/arm-none-eabi/11.2.1/thumb/v7e-m+fp/hard/crt0.o (exit)
c:/st/gcc-arm-11.2-2022.02-mingw-w64-i686-arm-none-eabi/bin/../lib/gcc/arm-none-eabi/11.2.1/thumb/v7e-m+fp/hard\libc_nano.a(lib_a-impure.o)
                              c:/st/gcc-arm-11.2-2022.02-mingw-w64-i686-arm-none-eabi/bin/../lib/gcc/arm-none-eabi/11.2.1/thumb/v7e-m+fp/hard\libc_nano.a(lib_a-exit.o) (_global_impure_ptr)
c:/st/gcc-arm-11.2-2022.02-mingw-w64-i686-arm-none-eabi/bin/../lib/gcc/arm-none-eabi/11.2.1/thumb/v7e-m+fp/hard\libc_nano.a(lib_a-init.o)
                              c:/st/gcc-arm-11.2-2022.02-mingw-w64-i686-arm-none-eabi/bin/../lib/gcc/arm-none-eabi/11.2.1/thumb/v7e-m+fp/hard/crt0.o (__libc_init_array)
c:/st/gcc-arm-11.2-2022.02-mingw-w64-i686-arm-none-eabi/bin/../lib/gcc/arm-none-eabi/11.2.1/thumb/v7e-m+fp/hard\libc_nano.a(lib_a-memset.o)
                              c:/st/gcc-arm-11.2-2022.02-mingw-w64-i686-arm-none-eabi/bin/../lib/gcc/arm-none-eabi/11.2.1/thumb/v7e-m+fp/hard/crt0.o (memset)
c:/st/gcc-arm-11.2-2022.02-mingw-w64-i686-arm-none-eabi/bin/../lib/gcc/arm-none-eabi/11.2.1/thumb/v7e-m+fp/hard\libnosys.a(_exit.o)
                              c:/st/gcc-arm-11.2-2022.02-mingw-w64-i686-arm-none-eabi/bin/../lib/gcc/arm-none-eabi/11.2.1/thumb/v7e-m+fp/hard\libc_nano.a(lib_a-exit.o) (_exit)

Discarded input sections

 .text          0x00000000        0x0 c:/st/gcc-arm-11.2-2022.02-mingw-w64-i686-arm-none-eabi/bin/../lib/gcc/arm-none-eabi/11.2.1/thumb/v7e-m+fp/hard/crti.o
 .data          0x00000000        0x0 c:/st/gcc-arm-11.2-2022.02-mingw-w64-i686-arm-none-eabi/bin/../lib/gcc/arm-none-eabi/11.2.1/thumb/v7e-m+fp/hard/crti.o
 .bss           0x00000000        0x0 c:/st/gcc-arm-11.2-2022.02-mingw-w64-i686-arm-none-eabi/bin/../lib/gcc/arm-none-eabi/11.2.1/thumb/v7e-m+fp/hard/crti.o
 .text          0x00000000        0x0 c:/st/gcc-arm-11.2-2022.02-mingw-w64-i686-arm-none-eabi/bin/../lib/gcc/arm-none-eabi/11.2.1/thumb/v7e-m+fp/hard/crtbegin.o
 .data          0x00000000        0x0 c:/st/gcc-arm-11.2-2022.02-mingw-w64-i686-arm-none-eabi/bin/../lib/gcc/arm-none-eabi/11.2.1/thumb/v7e-m+fp/hard/crtbegin.o
 .bss           0x00000000        0x0 c:/st/gcc-arm-11.2-2022.02-mingw-w64-i686-arm-none-eabi/bin/../lib/gcc/arm-none-eabi/11.2.1/thumb/v7e-m+fp/hard/crtbegin.o
 .rodata.all_implied_fbits
                0x00000000       0x24 c:/st/gcc-arm-11.2-2022.02-mingw-w64-i686-arm-none-eabi/bin/../lib/gcc/arm-none-eabi/11.2.1/thumb/v7e-m+fp/hard/crtbegin.o
 .data.__dso_handle
                0x00000000        0x4 c:/st/gcc-arm-11.2-2022.02-mingw-w64-i686-arm-none-eabi/bin/../lib/gcc/arm-none-eabi/11.2.1/thumb/v7e-m+fp/hard/crtbegin.o
 .text          0x00000000       0x7c c:/st/gcc-arm-11.2-2022.02-mingw-w64-i686-arm-none-eabi/bin/../lib/gcc/arm-none-eabi/11.2.1/thumb/v7e-m+fp/hard/crt0.o
 .data          0x00000000        0x0 c:/st/gcc-arm-11.2-2022.02-mingw-w64-i686-arm-none-eabi/bin/../lib/gcc/arm-none-eabi/11.2.1/thumb/v7e-m+fp/hard/crt0.o
 .bss           0x00000000        0x0 c:/st/gcc-arm-11.2-2022.02-mingw-w64-i686-arm-none-eabi/bin/../lib/gcc/arm-none-eabi/11.2.1/thumb/v7e-m+fp/hard/crt0.o
 .ARM.extab     0x00000000        0x0 c:/st/gcc-arm-11.2-2022.02-mingw-w64-i686-arm-none-eabi/bin/../lib/gcc/arm-none-eabi/11.2.1/thumb/v7e-m+fp/hard/crt0.o
 .ARM.exidx     0x00000000       0x10 c:/st/gcc-arm-11.2-2022.02-mingw-w64-i686-arm-none-eabi/bin/../lib/gcc/arm-none-eabi/11.2.1/thumb/v7e-m+fp/hard/crt0.o
 .debug_line    0x00000000       0x76 c:/st/gcc-arm-11.2-2022.02-mingw-w64-i686-arm-none-eabi/bin/../lib/gcc/arm-none-eabi/11.2.1/thumb/v7e-m+fp/hard/crt0.o
 .debug_line_str
                0x00000000       0xa6 c:/st/gcc-arm-11.2-2022.02-mingw-w64-i686-arm-none-eabi/bin/../lib/gcc/arm-none-eabi/11.2.1/thumb/v7e-m+fp/hard/crt0.o
 .debug_info    0x00000000       0x24 c:/st/gcc-arm-11.2-2022.02-mingw-w64-i686-arm-none-eabi/bin/../lib/gcc/arm-none-eabi/11.2.1/thumb/v7e-m+fp/hard/crt0.o
 .debug_abbrev  0x00000000       0x14 c:/st/gcc-arm-11.2-2022.02-mingw-w64-i686-arm-none-eabi/bin/../lib/gcc/arm-none-eabi/11.2.1/thumb/v7e-m+fp/hard/crt0.o
 .debug_aranges
                0x00000000       0x20 c:/st/gcc-arm-11.2-2022.02-mingw-w64-i686-arm-none-eabi/bin/../lib/gcc/arm-none-eabi/11.2.1/thumb/v7e-m+fp/hard/crt0.o
 .debug_str     0x00000000       0xa3 c:/st/gcc-arm-11.2-2022.02-mingw-w64-i686-arm-none-eabi/bin/../lib/gcc/arm-none-eabi/11.2.1/thumb/v7e-m+fp/hard/crt0.o
 .ARM.attributes
                0x00000000       0x1c c:/st/gcc-arm-11.2-2022.02-mingw-w64-i686-arm-none-eabi/bin/../lib/gcc/arm-none-eabi/11.2.1/thumb/v7e-m+fp/hard/crt0.o
 .text          0x00000000        0x0 build/main.o
 .data          0x00000000        0x0 build/main.o
 .bss           0x00000000        0x0 build/main.o
 .text          0x00000000        0x0 build/system_stm32f4xx.o
 .data          0x00000000        0x0 build/system_stm32f4xx.o
 .bss           0x00000000        0x0 build/system_stm32f4xx.o
 .rodata.AHBPrescTable
                0x00000000       0x10 build/system_stm32f4xx.o
 .rodata.APBPrescTable
                0x00000000        0x8 build/system_stm32f4xx.o
 .text.SystemCoreClockUpdate
                0x00000000      0x100 build/system_stm32f4xx.o
 .text          0x00000000        0x0 build/stm32f4xx_ll_gpio.o
 .data          0x00000000        0x0 build/stm32f4xx_ll_gpio.o
 .bss           0x00000000        0x0 build/stm32f4xx_ll_gpio.o
 .text.LL_AHB1_GRP1_ForceReset
                0x00000000       0x24 build/stm32f4xx_ll_gpio.o
 .text.LL_AHB1_GRP1_ReleaseReset
                0x00000000       0x28 build/stm32f4xx_ll_gpio.o
 .text.LL_GPIO_DeInit
                0x00000000       0xf4 build/stm32f4xx_ll_gpio.o
 .text.LL_GPIO_StructInit
                0x00000000       0x3a build/stm32f4xx_ll_gpio.o
 .text          0x00000000        0x0 build/stm32f4xx_ll_utils.o
 .data          0x00000000        0x0 build/stm32f4xx_ll_utils.o
 .bss           0x00000000        0x0 build/stm32f4xx_ll_utils.o
 .text.LL_RCC_HSE_EnableBypass
                0x00000000       0x20 build/stm32f4xx_ll_utils.o
 .text.LL_RCC_HSE_DisableBypass
                0x00000000       0x20 build/stm32f4xx_ll_utils.o
 .text.LL_RCC_HSE_Enable
                0x00000000       0x20 build/stm32f4xx_ll_utils.o
 .text.LL_RCC_HSE_IsReady
                0x00000000       0x28 build/stm32f4xx_ll_utils.o
 .text.LL_RCC_HSI_Enable
                0x00000000       0x20 build/stm32f4xx_ll_utils.o
 .text.LL_RCC_HSI_IsReady
                0x00000000       0x24 build/stm32f4xx_ll_utils.o
 .text.LL_RCC_SetSysClkSource
                0x00000000       0x28 build/stm32f4xx_ll_utils.o
 .text.LL_RCC_GetSysClkSource
                0x00000000       0x1c build/stm32f4xx_ll_utils.o
 .text.LL_RCC_SetAHBPrescaler
                0x00000000       0x28 build/stm32f4xx_ll_utils.o
 .text.LL_RCC_SetAPB1Prescaler
                0x00000000       0x28 build/stm32f4xx_ll_utils.o
 .text.LL_RCC_SetAPB2Prescaler
                0x00000000       0x28 build/stm32f4xx_ll_utils.o
 .text.LL_RCC_PLL_Enable
                0x00000000       0x20 build/stm32f4xx_ll_utils.o
 .text.LL_RCC_PLL_IsReady
                0x00000000       0x28 build/stm32f4xx_ll_utils.o
 .text.LL_RCC_PLL_ConfigDomain_SYS
                0x00000000       0x4c build/stm32f4xx_ll_utils.o
 .text.LL_RCC_PLLI2S_IsReady
                0x00000000       0x28 build/stm32f4xx_ll_utils.o
 .text.LL_FLASH_SetLatency
                0x00000000       0x28 build/stm32f4xx_ll_utils.o
 .text.LL_FLASH_GetLatency
                0x00000000       0x1c build/stm32f4xx_ll_utils.o
 .text.LL_PWR_GetRegulVoltageScaling
                0x00000000       0x1c build/stm32f4xx_ll_utils.o
 .text.LL_SetSystemCoreClock
                0x00000000       0x20 build/stm32f4xx_ll_utils.o
 .text.LL_SetFlashLatency
                0x00000000      0x110 build/stm32f4xx_ll_utils.o
 .text.LL_PLL_ConfigSystemClock_HSI
                0x00000000       0x74 build/stm32f4xx_ll_utils.o
 .rodata        0x00000000       0x42 build/stm32f4xx_ll_utils.o
 .text.LL_PLL_ConfigSystemClock_HSE
                0x00000000       0xc0 build/stm32f4xx_ll_utils.o
 .text.UTILS_GetPLLOutputFrequency
                0x00000000      0x378 build/stm32f4xx_ll_utils.o
 .text.UTILS_PLL_IsBusy
                0x00000000       0x30 build/stm32f4xx_ll_utils.o
 .text.UTILS_EnablePLLAndSwitchSystem
                0x00000000      0x180 build/stm32f4xx_ll_utils.o
 .text          0x00000000       0x14 build/startup_stm32f411xe.o
 .data          0x00000000        0x0 build/startup_stm32f411xe.o
 .bss           0x00000000        0x0 build/startup_stm32f411xe.o
 .text          0x00000000        0x0 c:/st/gcc-arm-11.2-2022.02-mingw-w64-i686-arm-none-eabi/bin/../lib/gcc/arm-none-eabi/11.2.1/thumb/v7e-m+fp/hard\libc_nano.a(lib_a-exit.o)
 .data          0x00000000        0x0 c:/st/gcc-arm-11.2-2022.02-mingw-w64-i686-arm-none-eabi/bin/../lib/gcc/arm-none-eabi/11.2.1/thumb/v7e-m+fp/hard\libc_nano.a(lib_a-exit.o)
 .bss           0x00000000        0x0 c:/st/gcc-arm-11.2-2022.02-mingw-w64-i686-arm-none-eabi/bin/../lib/gcc/arm-none-eabi/11.2.1/thumb/v7e-m+fp/hard\libc_nano.a(lib_a-exit.o)
 .text.exit     0x00000000       0x28 c:/st/gcc-arm-11.2-2022.02-mingw-w64-i686-arm-none-eabi/bin/../lib/gcc/arm-none-eabi/11.2.1/thumb/v7e-m+fp/hard\libc_nano.a(lib_a-exit.o)
 .debug_info    0x00000000      0x7cb c:/st/gcc-arm-11.2-2022.02-mingw-w64-i686-arm-none-eabi/bin/../lib/gcc/arm-none-eabi/11.2.1/thumb/v7e-m+fp/hard\libc_nano.a(lib_a-exit.o)
 .debug_abbrev  0x00000000      0x1d2 c:/st/gcc-arm-11.2-2022.02-mingw-w64-i686-arm-none-eabi/bin/../lib/gcc/arm-none-eabi/11.2.1/thumb/v7e-m+fp/hard\libc_nano.a(lib_a-exit.o)
 .debug_loclists
                0x00000000       0x20 c:/st/gcc-arm-11.2-2022.02-mingw-w64-i686-arm-none-eabi/bin/../lib/gcc/arm-none-eabi/11.2.1/thumb/v7e-m+fp/hard\libc_nano.a(lib_a-exit.o)
 .debug_aranges
                0x00000000       0x20 c:/st/gcc-arm-11.2-2022.02-mingw-w64-i686-arm-none-eabi/bin/../lib/gcc/arm-none-eabi/11.2.1/thumb/v7e-m+fp/hard\libc_nano.a(lib_a-exit.o)
 .debug_rnglists
                0x00000000       0x13 c:/st/gcc-arm-11.2-2022.02-mingw-w64-i686-arm-none-eabi/bin/../lib/gcc/arm-none-eabi/11.2.1/thumb/v7e-m+fp/hard\libc_nano.a(lib_a-exit.o)
 .debug_line    0x00000000      0x201 c:/st/gcc-arm-11.2-2022.02-mingw-w64-i686-arm-none-eabi/bin/../lib/gcc/arm-none-eabi/11.2.1/thumb/v7e-m+fp/hard\libc_nano.a(lib_a-exit.o)
 .debug_str     0x00000000      0x594 c:/st/gcc-arm-11.2-2022.02-mingw-w64-i686-arm-none-eabi/bin/../lib/gcc/arm-none-eabi/11.2.1/thumb/v7e-m+fp/hard\libc_nano.a(lib_a-exit.o)
 .comment       0x00000000       0x58 c:/st/gcc-arm-11.2-2022.02-mingw-w64-i686-arm-none-eabi/bin/../lib/gcc/arm-none-eabi/11.2.1/thumb/v7e-m+fp/hard\libc_nano.a(lib_a-exit.o)
 .debug_frame   0x00000000       0x28 c:/st/gcc-arm-11.2-2022.02-mingw-w64-i686-arm-none-eabi/bin/../lib/gcc/arm-none-eabi/11.2.1/thumb/v7e-m+fp/hard\libc_nano.a(lib_a-exit.o)
 .ARM.attributes
                0x00000000       0x34 c:/st/gcc-arm-11.2-2022.02-mingw-w64-i686-arm-none-eabi/bin/../lib/gcc/arm-none-eabi/11.2.1/thumb/v7e-m+fp/hard\libc_nano.a(lib_a-exit.o)
 .text          0x00000000        0x0 c:/st/gcc-arm-11.2-2022.02-mingw-w64-i686-arm-none-eabi/bin/../lib/gcc/arm-none-eabi/11.2.1/thumb/v7e-m+fp/hard\libc_nano.a(lib_a-impure.o)
 .data          0x00000000        0x0 c:/st/gcc-arm-11.2-2022.02-mingw-w64-i686-arm-none-eabi/bin/../lib/gcc/arm-none-eabi/11.2.1/thumb/v7e-m+fp/hard\libc_nano.a(lib_a-impure.o)
 .bss           0x00000000        0x0 c:/st/gcc-arm-11.2-2022.02-mingw-w64-i686-arm-none-eabi/bin/../lib/gcc/arm-none-eabi/11.2.1/thumb/v7e-m+fp/hard\libc_nano.a(lib_a-impure.o)
 .data._impure_ptr
                0x00000000        0x4 c:/st/gcc-arm-11.2-2022.02-mingw-w64-i686-arm-none-eabi/bin/../lib/gcc/arm-none-eabi/11.2.1/thumb/v7e-m+fp/hard\libc_nano.a(lib_a-impure.o)
 .data.impure_data
                0x00000000       0x60 c:/st/gcc-arm-11.2-2022.02-mingw-w64-i686-arm-none-eabi/bin/../lib/gcc/arm-none-eabi/11.2.1/thumb/v7e-m+fp/hard\libc_nano.a(lib_a-impure.o)
 .rodata._global_impure_ptr
                0x00000000        0x4 c:/st/gcc-arm-11.2-2022.02-mingw-w64-i686-arm-none-eabi/bin/../lib/gcc/arm-none-eabi/11.2.1/thumb/v7e-m+fp/hard\libc_nano.a(lib_a-impure.o)
 .debug_info    0x00000000      0x7fc c:/st/gcc-arm-11.2-2022.02-mingw-w64-i686-arm-none-eabi/bin/../lib/gcc/arm-none-eabi/11.2.1/thumb/v7e-m+fp/hard\libc_nano.a(lib_a-impure.o)
 .debug_abbrev  0x00000000      0x15a c:/st/gcc-arm-11.2-2022.02-mingw-w64-i686-arm-none-eabi/bin/../lib/gcc/arm-none-eabi/11.2.1/thumb/v7e-m+fp/hard\libc_nano.a(lib_a-impure.o)
 .debug_aranges
                0x00000000       0x18 c:/st/gcc-arm-11.2-2022.02-mingw-w64-i686-arm-none-eabi/bin/../lib/gcc/arm-none-eabi/11.2.1/thumb/v7e-m+fp/hard\libc_nano.a(lib_a-impure.o)
 .debug_line    0x00000000      0x15b c:/st/gcc-arm-11.2-2022.02-mingw-w64-i686-arm-none-eabi/bin/../lib/gcc/arm-none-eabi/11.2.1/thumb/v7e-m+fp/hard\libc_nano.a(lib_a-impure.o)
 .debug_str     0x00000000      0x5ca c:/st/gcc-arm-11.2-2022.02-mingw-w64-i686-arm-none-eabi/bin/../lib/gcc/arm-none-eabi/11.2.1/thumb/v7e-m+fp/hard\libc_nano.a(lib_a-impure.o)
 .comment       0x00000000       0x58 c:/st/gcc-arm-11.2-2022.02-mingw-w64-i686-arm-none-eabi/bin/../lib/gcc/arm-none-eabi/11.2.1/thumb/v7e-m+fp/hard\libc_nano.a(lib_a-impure.o)
 .ARM.attributes
                0x00000000       0x34 c:/st/gcc-arm-11.2-2022.02-mingw-w64-i686-arm-none-eabi/bin/../lib/gcc/arm-none-eabi/11.2.1/thumb/v7e-m+fp/hard\libc_nano.a(lib_a-impure.o)
 .text          0x00000000        0x0 c:/st/gcc-arm-11.2-2022.02-mingw-w64-i686-arm-none-eabi/bin/../lib/gcc/arm-none-eabi/11.2.1/thumb/v7e-m+fp/hard\libc_nano.a(lib_a-init.o)
 .data          0x00000000        0x0 c:/st/gcc-arm-11.2-2022.02-mingw-w64-i686-arm-none-eabi/bin/../lib/gcc/arm-none-eabi/11.2.1/thumb/v7e-m+fp/hard\libc_nano.a(lib_a-init.o)
 .bss           0x00000000        0x0 c:/st/gcc-arm-11.2-2022.02-mingw-w64-i686-arm-none-eabi/bin/../lib/gcc/arm-none-eabi/11.2.1/thumb/v7e-m+fp/hard\libc_nano.a(lib_a-init.o)
 .text          0x00000000        0x0 c:/st/gcc-arm-11.2-2022.02-mingw-w64-i686-arm-none-eabi/bin/../lib/gcc/arm-none-eabi/11.2.1/thumb/v7e-m+fp/hard\libc_nano.a(lib_a-memset.o)
 .data          0x00000000        0x0 c:/st/gcc-arm-11.2-2022.02-mingw-w64-i686-arm-none-eabi/bin/../lib/gcc/arm-none-eabi/11.2.1/thumb/v7e-m+fp/hard\libc_nano.a(lib_a-memset.o)
 .bss           0x00000000        0x0 c:/st/gcc-arm-11.2-2022.02-mingw-w64-i686-arm-none-eabi/bin/../lib/gcc/arm-none-eabi/11.2.1/thumb/v7e-m+fp/hard\libc_nano.a(lib_a-memset.o)
 .text.memset   0x00000000       0x10 c:/st/gcc-arm-11.2-2022.02-mingw-w64-i686-arm-none-eabi/bin/../lib/gcc/arm-none-eabi/11.2.1/thumb/v7e-m+fp/hard\libc_nano.a(lib_a-memset.o)
 .debug_info    0x00000000       0xe0 c:/st/gcc-arm-11.2-2022.02-mingw-w64-i686-arm-none-eabi/bin/../lib/gcc/arm-none-eabi/11.2.1/thumb/v7e-m+fp/hard\libc_nano.a(lib_a-memset.o)
 .debug_abbrev  0x00000000       0x9e c:/st/gcc-arm-11.2-2022.02-mingw-w64-i686-arm-none-eabi/bin/../lib/gcc/arm-none-eabi/11.2.1/thumb/v7e-m+fp/hard\libc_nano.a(lib_a-memset.o)
 .debug_loclists
                0x00000000       0x47 c:/st/gcc-arm-11.2-2022.02-mingw-w64-i686-arm-none-eabi/bin/../lib/gcc/arm-none-eabi/11.2.1/thumb/v7e-m+fp/hard\libc_nano.a(lib_a-memset.o)
 .debug_aranges
                0x00000000       0x20 c:/st/gcc-arm-11.2-2022.02-mingw-w64-i686-arm-none-eabi/bin/../lib/gcc/arm-none-eabi/11.2.1/thumb/v7e-m+fp/hard\libc_nano.a(lib_a-memset.o)
 .debug_rnglists
                0x00000000       0x13 c:/st/gcc-arm-11.2-2022.02-mingw-w64-i686-arm-none-eabi/bin/../lib/gcc/arm-none-eabi/11.2.1/thumb/v7e-m+fp/hard\libc_nano.a(lib_a-memset.o)
 .debug_line    0x00000000      0x176 c:/st/gcc-arm-11.2-2022.02-mingw-w64-i686-arm-none-eabi/bin/../lib/gcc/arm-none-eabi/11.2.1/thumb/v7e-m+fp/hard\libc_nano.a(lib_a-memset.o)
 .debug_str     0x00000000      0x218 c:/st/gcc-arm-11.2-2022.02-mingw-w64-i686-arm-none-eabi/bin/../lib/gcc/arm-none-eabi/11.2.1/thumb/v7e-m+fp/hard\libc_nano.a(lib_a-memset.o)
 .comment       0x00000000       0x58 c:/st/gcc-arm-11.2-2022.02-mingw-w64-i686-arm-none-eabi/bin/../lib/gcc/arm-none-eabi/11.2.1/thumb/v7e-m+fp/hard\libc_nano.a(lib_a-memset.o)
 .debug_frame   0x00000000       0x20 c:/st/gcc-arm-11.2-2022.02-mingw-w64-i686-arm-none-eabi/bin/../lib/gcc/arm-none-eabi/11.2.1/thumb/v7e-m+fp/hard\libc_nano.a(lib_a-memset.o)
 .ARM.attributes
                0x00000000       0x34 c:/st/gcc-arm-11.2-2022.02-mingw-w64-i686-arm-none-eabi/bin/../lib/gcc/arm-none-eabi/11.2.1/thumb/v7e-m+fp/hard\libc_nano.a(lib_a-memset.o)
 .text          0x00000000        0x0 c:/st/gcc-arm-11.2-2022.02-mingw-w64-i686-arm-none-eabi/bin/../lib/gcc/arm-none-eabi/11.2.1/thumb/v7e-m+fp/hard\libnosys.a(_exit.o)
 .data          0x00000000        0x0 c:/st/gcc-arm-11.2-2022.02-mingw-w64-i686-arm-none-eabi/bin/../lib/gcc/arm-none-eabi/11.2.1/thumb/v7e-m+fp/hard\libnosys.a(_exit.o)
 .bss           0x00000000        0x0 c:/st/gcc-arm-11.2-2022.02-mingw-w64-i686-arm-none-eabi/bin/../lib/gcc/arm-none-eabi/11.2.1/thumb/v7e-m+fp/hard\libnosys.a(_exit.o)
 .text._exit    0x00000000        0x4 c:/st/gcc-arm-11.2-2022.02-mingw-w64-i686-arm-none-eabi/bin/../lib/gcc/arm-none-eabi/11.2.1/thumb/v7e-m+fp/hard\libnosys.a(_exit.o)
 .debug_info    0x00000000       0x62 c:/st/gcc-arm-11.2-2022.02-mingw-w64-i686-arm-none-eabi/bin/../lib/gcc/arm-none-eabi/11.2.1/thumb/v7e-m+fp/hard\libnosys.a(_exit.o)
 .debug_abbrev  0x00000000       0x60 c:/st/gcc-arm-11.2-2022.02-mingw-w64-i686-arm-none-eabi/bin/../lib/gcc/arm-none-eabi/11.2.1/thumb/v7e-m+fp/hard\libnosys.a(_exit.o)
 .debug_loclists
                0x00000000       0x17 c:/st/gcc-arm-11.2-2022.02-mingw-w64-i686-arm-none-eabi/bin/../lib/gcc/arm-none-eabi/11.2.1/thumb/v7e-m+fp/hard\libnosys.a(_exit.o)
 .debug_aranges
                0x00000000       0x20 c:/st/gcc-arm-11.2-2022.02-mingw-w64-i686-arm-none-eabi/bin/../lib/gcc/arm-none-eabi/11.2.1/thumb/v7e-m+fp/hard\libnosys.a(_exit.o)
 .debug_rnglists
                0x00000000       0x13 c:/st/gcc-arm-11.2-2022.02-mingw-w64-i686-arm-none-eabi/bin/../lib/gcc/arm-none-eabi/11.2.1/thumb/v7e-m+fp/hard\libnosys.a(_exit.o)
 .debug_line    0x00000000       0x96 c:/st/gcc-arm-11.2-2022.02-mingw-w64-i686-arm-none-eabi/bin/../lib/gcc/arm-none-eabi/11.2.1/thumb/v7e-m+fp/hard\libnosys.a(_exit.o)
 .debug_str     0x00000000      0x160 c:/st/gcc-arm-11.2-2022.02-mingw-w64-i686-arm-none-eabi/bin/../lib/gcc/arm-none-eabi/11.2.1/thumb/v7e-m+fp/hard\libnosys.a(_exit.o)
 .comment       0x00000000       0x58 c:/st/gcc-arm-11.2-2022.02-mingw-w64-i686-arm-none-eabi/bin/../lib/gcc/arm-none-eabi/11.2.1/thumb/v7e-m+fp/hard\libnosys.a(_exit.o)
 .debug_frame   0x00000000       0x20 c:/st/gcc-arm-11.2-2022.02-mingw-w64-i686-arm-none-eabi/bin/../lib/gcc/arm-none-eabi/11.2.1/thumb/v7e-m+fp/hard\libnosys.a(_exit.o)
 .ARM.attributes
                0x00000000       0x34 c:/st/gcc-arm-11.2-2022.02-mingw-w64-i686-arm-none-eabi/bin/../lib/gcc/arm-none-eabi/11.2.1/thumb/v7e-m+fp/hard\libnosys.a(_exit.o)
 .text          0x00000000        0x0 c:/st/gcc-arm-11.2-2022.02-mingw-w64-i686-arm-none-eabi/bin/../lib/gcc/arm-none-eabi/11.2.1/thumb/v7e-m+fp/hard/crtend.o
 .data          0x00000000        0x0 c:/st/gcc-arm-11.2-2022.02-mingw-w64-i686-arm-none-eabi/bin/../lib/gcc/arm-none-eabi/11.2.1/thumb/v7e-m+fp/hard/crtend.o
 .bss           0x00000000        0x0 c:/st/gcc-arm-11.2-2022.02-mingw-w64-i686-arm-none-eabi/bin/../lib/gcc/arm-none-eabi/11.2.1/thumb/v7e-m+fp/hard/crtend.o
 .rodata.all_implied_fbits
                0x00000000       0x24 c:/st/gcc-arm-11.2-2022.02-mingw-w64-i686-arm-none-eabi/bin/../lib/gcc/arm-none-eabi/11.2.1/thumb/v7e-m+fp/hard/crtend.o
 .eh_frame      0x00000000        0x4 c:/st/gcc-arm-11.2-2022.02-mingw-w64-i686-arm-none-eabi/bin/../lib/gcc/arm-none-eabi/11.2.1/thumb/v7e-m+fp/hard/crtend.o
 .text          0x00000000        0x0 c:/st/gcc-arm-11.2-2022.02-mingw-w64-i686-arm-none-eabi/bin/../lib/gcc/arm-none-eabi/11.2.1/thumb/v7e-m+fp/hard/crtn.o
 .data          0x00000000        0x0 c:/st/gcc-arm-11.2-2022.02-mingw-w64-i686-arm-none-eabi/bin/../lib/gcc/arm-none-eabi/11.2.1/thumb/v7e-m+fp/hard/crtn.o
 .bss           0x00000000        0x0 c:/st/gcc-arm-11.2-2022.02-mingw-w64-i686-arm-none-eabi/bin/../lib/gcc/arm-none-eabi/11.2.1/thumb/v7e-m+fp/hard/crtn.o

Memory Configuration

Name             Origin             Length             Attributes
RAM              0x20000000         0x00020000         xrw
FLASH            0x08000000         0x00080000         xr
*default*        0x00000000         0xffffffff

Linker script and memory map

LOAD c:/st/gcc-arm-11.2-2022.02-mingw-w64-i686-arm-none-eabi/bin/../lib/gcc/arm-none-eabi/11.2.1/thumb/v7e-m+fp/hard/crti.o
LOAD c:/st/gcc-arm-11.2-2022.02-mingw-w64-i686-arm-none-eabi/bin/../lib/gcc/arm-none-eabi/11.2.1/thumb/v7e-m+fp/hard/crtbegin.o
LOAD c:/st/gcc-arm-11.2-2022.02-mingw-w64-i686-arm-none-eabi/bin/../lib/gcc/arm-none-eabi/11.2.1/thumb/v7e-m+fp/hard/crt0.o
LOAD build/main.o
LOAD build/system_stm32f4xx.o
LOAD build/stm32f4xx_ll_gpio.o
LOAD build/stm32f4xx_ll_utils.o
LOAD build/startup_stm32f411xe.o
START GROUP
LOAD c:/st/gcc-arm-11.2-2022.02-mingw-w64-i686-arm-none-eabi/bin/../lib/gcc/arm-none-eabi/11.2.1/thumb/v7e-m+fp/hard\libgcc.a
LOAD c:/st/gcc-arm-11.2-2022.02-mingw-w64-i686-arm-none-eabi/bin/../lib/gcc/arm-none-eabi/11.2.1/thumb/v7e-m+fp/hard\libc_nano.a
END GROUP
START GROUP
LOAD c:/st/gcc-arm-11.2-2022.02-mingw-w64-i686-arm-none-eabi/bin/../lib/gcc/arm-none-eabi/11.2.1/thumb/v7e-m+fp/hard\libgcc.a
LOAD c:/st/gcc-arm-11.2-2022.02-mingw-w64-i686-arm-none-eabi/bin/../lib/gcc/arm-none-eabi/11.2.1/thumb/v7e-m+fp/hard\libc_nano.a
LOAD c:/st/gcc-arm-11.2-2022.02-mingw-w64-i686-arm-none-eabi/bin/../lib/gcc/arm-none-eabi/11.2.1/thumb/v7e-m+fp/hard\libnosys.a
END GROUP
START GROUP
LOAD c:/st/gcc-arm-11.2-2022.02-mingw-w64-i686-arm-none-eabi/bin/../lib/gcc/arm-none-eabi/11.2.1/thumb/v7e-m+fp/hard\libgcc.a
LOAD c:/st/gcc-arm-11.2-2022.02-mingw-w64-i686-arm-none-eabi/bin/../lib/gcc/arm-none-eabi/11.2.1/thumb/v7e-m+fp/hard\libc_nano.a
LOAD c:/st/gcc-arm-11.2-2022.02-mingw-w64-i686-arm-none-eabi/bin/../lib/gcc/arm-none-eabi/11.2.1/thumb/v7e-m+fp/hard\libnosys.a
END GROUP
LOAD c:/st/gcc-arm-11.2-2022.02-mingw-w64-i686-arm-none-eabi/bin/../lib/gcc/arm-none-eabi/11.2.1/thumb/v7e-m+fp/hard/crtend.o
LOAD c:/st/gcc-arm-11.2-2022.02-mingw-w64-i686-arm-none-eabi/bin/../lib/gcc/arm-none-eabi/11.2.1/thumb/v7e-m+fp/hard/crtn.o
                0x20020000                _estack = (ORIGIN (RAM) + LENGTH (RAM))
                0x00000200                _Min_Heap_Size = 0x200
                0x00000400                _Min_Stack_Size = 0x400

.isr_vector     0x08000000      0x198
                0x08000000                . = ALIGN (0x4)
 *(.isr_vector)
 .isr_vector    0x08000000      0x198 build/startup_stm32f411xe.o
                0x08000000                g_pfnVectors
                0x08000198                . = ALIGN (0x4)

.text           0x08000198      0x78c
                0x08000198                . = ALIGN (0x4)
 *(.text)
 *(.text*)
 .text.deregister_tm_clones
                0x08000198       0x1c c:/st/gcc-arm-11.2-2022.02-mingw-w64-i686-arm-none-eabi/bin/../lib/gcc/arm-none-eabi/11.2.1/thumb/v7e-m+fp/hard/crtbegin.o
 .text.register_tm_clones
                0x080001b4       0x24 c:/st/gcc-arm-11.2-2022.02-mingw-w64-i686-arm-none-eabi/bin/../lib/gcc/arm-none-eabi/11.2.1/thumb/v7e-m+fp/hard/crtbegin.o
 .text.__do_global_dtors_aux
                0x080001d8       0x28 c:/st/gcc-arm-11.2-2022.02-mingw-w64-i686-arm-none-eabi/bin/../lib/gcc/arm-none-eabi/11.2.1/thumb/v7e-m+fp/hard/crtbegin.o
 .text.frame_dummy
                0x08000200       0x24 c:/st/gcc-arm-11.2-2022.02-mingw-w64-i686-arm-none-eabi/bin/../lib/gcc/arm-none-eabi/11.2.1/thumb/v7e-m+fp/hard/crtbegin.o
 .text.LL_AHB1_GRP1_EnableClock
                0x08000224       0x30 build/main.o
 .text.LL_GPIO_SetOutputPin
                0x08000254       0x1c build/main.o
 .text.LL_GPIO_ResetOutputPin
                0x08000270       0x1e build/main.o
 *fill*         0x0800028e        0x2 
 .text.main     0x08000290       0x58 build/main.o
                0x08000290                main
 .text.assert_failed
                0x080002e8       0x1c build/main.o
                0x080002e8                assert_failed
 .text.LEDInit  0x08000304       0x38 build/main.o
                0x08000304                LEDInit
 .text.SystemInit
                0x0800033c       0x24 build/system_stm32f4xx.o
                0x0800033c                SystemInit
 .text.LL_GPIO_SetPinMode
                0x08000360       0x5e build/stm32f4xx_ll_gpio.o
 .text.LL_GPIO_SetPinOutputType
                0x080003be       0x30 build/stm32f4xx_ll_gpio.o
 .text.LL_GPIO_SetPinSpeed
                0x080003ee       0x5e build/stm32f4xx_ll_gpio.o
 .text.LL_GPIO_SetPinPull
                0x0800044c       0x5e build/stm32f4xx_ll_gpio.o
 .text.LL_GPIO_SetAFPin_0_7
                0x080004aa       0x5e build/stm32f4xx_ll_gpio.o
 .text.LL_GPIO_SetAFPin_8_15
                0x08000508       0x62 build/stm32f4xx_ll_gpio.o
 *fill*         0x0800056a        0x2 
 .text.LL_GPIO_Init
                0x0800056c      0x268 build/stm32f4xx_ll_gpio.o
                0x0800056c                LL_GPIO_Init
 .text.LL_InitTick
                0x080007d4       0x34 build/stm32f4xx_ll_utils.o
 .text.LL_Init1msTick
                0x08000808       0x1a build/stm32f4xx_ll_utils.o
                0x08000808                LL_Init1msTick
 *fill*         0x08000822        0x2 
 .text.LL_mDelay
                0x08000824       0x4c build/stm32f4xx_ll_utils.o
                0x08000824                LL_mDelay
 .text.Reset_Handler
                0x08000870       0x50 build/startup_stm32f411xe.o
                0x08000870                Reset_Handler
 .text.Default_Handler
                0x080008c0        0x2 build/startup_stm32f411xe.o
                0x080008c0                RTC_Alarm_IRQHandler
                0x080008c0                EXTI2_IRQHandler
                0x080008c0                DebugMon_Handler
                0x080008c0                SPI4_IRQHandler
                0x080008c0                TIM1_CC_IRQHandler
                0x080008c0                DMA2_Stream5_IRQHandler
                0x080008c0                HardFault_Handler
                0x080008c0                DMA1_Stream5_IRQHandler
                0x080008c0                SysTick_Handler
                0x080008c0                PVD_IRQHandler
                0x080008c0                SDIO_IRQHandler
                0x080008c0                TAMP_STAMP_IRQHandler
                0x080008c0                PendSV_Handler
                0x080008c0                NMI_Handler
                0x080008c0                EXTI3_IRQHandler
                0x080008c0                TIM1_UP_TIM10_IRQHandler
                0x080008c0                I2C3_ER_IRQHandler
                0x080008c0                EXTI0_IRQHandler
                0x080008c0                I2C2_EV_IRQHandler
                0x080008c0                DMA1_Stream2_IRQHandler
                0x080008c0                FPU_IRQHandler
                0x080008c0                UsageFault_Handler
                0x080008c0                DMA2_Stream2_IRQHandler
                0x080008c0                SPI1_IRQHandler
                0x080008c0                TIM1_BRK_TIM9_IRQHandler
                0x080008c0                DMA2_Stream3_IRQHandler
                0x080008c0                USART6_IRQHandler
                0x080008c0                DMA2_Stream0_IRQHandler
                0x080008c0                TIM4_IRQHandler
                0x080008c0                I2C1_EV_IRQHandler
                0x080008c0                DMA1_Stream6_IRQHandler
                0x080008c0                DMA1_Stream1_IRQHandler
                0x080008c0                TIM3_IRQHandler
                0x080008c0                RCC_IRQHandler
                0x080008c0                Default_Handler
                0x080008c0                EXTI15_10_IRQHandler
                0x080008c0                ADC_IRQHandler
                0x080008c0                DMA1_Stream7_IRQHandler
                0x080008c0                SPI5_IRQHandler
                0x080008c0                TIM5_IRQHandler
                0x080008c0                DMA2_Stream7_IRQHandler
                0x080008c0                I2C3_EV_IRQHandler
                0x080008c0                EXTI9_5_IRQHandler
                0x080008c0                RTC_WKUP_IRQHandler
                0x080008c0                SPI2_IRQHandler
                0x080008c0                MemManage_Handler
                0x080008c0                DMA1_Stream0_IRQHandler
                0x080008c0                SVC_Handler
                0x080008c0                EXTI4_IRQHandler
                0x080008c0                WWDG_IRQHandler
                0x080008c0                TIM2_IRQHandler
                0x080008c0                OTG_FS_WKUP_IRQHandler
                0x080008c0                TIM1_TRG_COM_TIM11_IRQHandler
                0x080008c0                EXTI1_IRQHandler
                0x080008c0                USART2_IRQHandler
                0x080008c0                I2C2_ER_IRQHandler
                0x080008c0                DMA2_Stream1_IRQHandler
                0x080008c0                FLASH_IRQHandler
                0x080008c0                DMA2_Stream4_IRQHandler
                0x080008c0                BusFault_Handler
                0x080008c0                USART1_IRQHandler
                0x080008c0                OTG_FS_IRQHandler
                0x080008c0                SPI3_IRQHandler
                0x080008c0                DMA1_Stream4_IRQHandler
                0x080008c0                I2C1_ER_IRQHandler
                0x080008c0                DMA2_Stream6_IRQHandler
                0x080008c0                DMA1_Stream3_IRQHandler
 *fill*         0x080008c2        0x2 
 .text.__libc_init_array
                0x080008c4       0x48 c:/st/gcc-arm-11.2-2022.02-mingw-w64-i686-arm-none-eabi/bin/../lib/gcc/arm-none-eabi/11.2.1/thumb/v7e-m+fp/hard\libc_nano.a(lib_a-init.o)
                0x080008c4                __libc_init_array
 *(.glue_7)
 .glue_7        0x0800090c        0x0 linker stubs
 *(.glue_7t)
 .glue_7t       0x0800090c        0x0 linker stubs
 *(.eh_frame)
 .eh_frame      0x0800090c        0x0 c:/st/gcc-arm-11.2-2022.02-mingw-w64-i686-arm-none-eabi/bin/../lib/gcc/arm-none-eabi/11.2.1/thumb/v7e-m+fp/hard/crtbegin.o
 *(.init)
 .init          0x0800090c        0x4 c:/st/gcc-arm-11.2-2022.02-mingw-w64-i686-arm-none-eabi/bin/../lib/gcc/arm-none-eabi/11.2.1/thumb/v7e-m+fp/hard/crti.o
                0x0800090c                _init
 .init          0x08000910        0x8 c:/st/gcc-arm-11.2-2022.02-mingw-w64-i686-arm-none-eabi/bin/../lib/gcc/arm-none-eabi/11.2.1/thumb/v7e-m+fp/hard/crtn.o
 *(.fini)
 .fini          0x08000918        0x4 c:/st/gcc-arm-11.2-2022.02-mingw-w64-i686-arm-none-eabi/bin/../lib/gcc/arm-none-eabi/11.2.1/thumb/v7e-m+fp/hard/crti.o
                0x08000918                _fini
 .fini          0x0800091c        0x8 c:/st/gcc-arm-11.2-2022.02-mingw-w64-i686-arm-none-eabi/bin/../lib/gcc/arm-none-eabi/11.2.1/thumb/v7e-m+fp/hard/crtn.o
                0x08000924                . = ALIGN (0x4)
                0x08000924                _etext = .

.vfp11_veneer   0x08000924        0x0
 .vfp11_veneer  0x08000924        0x0 linker stubs

.v4_bx          0x08000924        0x0
 .v4_bx         0x08000924        0x0 linker stubs

.iplt           0x08000924        0x0
 .iplt          0x08000924        0x0 c:/st/gcc-arm-11.2-2022.02-mingw-w64-i686-arm-none-eabi/bin/../lib/gcc/arm-none-eabi/11.2.1/thumb/v7e-m+fp/hard/crtbegin.o

.rodata         0x08000924       0x44
                0x08000924                . = ALIGN (0x4)
 *(.rodata)
 .rodata        0x08000924       0x41 build/stm32f4xx_ll_gpio.o
 *(.rodata*)
                0x08000968                . = ALIGN (0x4)
 *fill*         0x08000965        0x3 

.rel.dyn        0x08000968        0x0
 .rel.iplt      0x08000968        0x0 c:/st/gcc-arm-11.2-2022.02-mingw-w64-i686-arm-none-eabi/bin/../lib/gcc/arm-none-eabi/11.2.1/thumb/v7e-m+fp/hard/crtbegin.o

.ARM.extab      0x08000968        0x0
                0x08000968                . = ALIGN (0x4)
 *(.ARM.extab* .gnu.linkonce.armextab.*)
                0x08000968                . = ALIGN (0x4)

.ARM            0x08000968        0x0
                0x08000968                . = ALIGN (0x4)
                0x08000968                __exidx_start = .
 *(.ARM.exidx*)
                0x08000968                __exidx_end = .
                0x08000968                . = ALIGN (0x4)

.preinit_array  0x08000968        0x0
                0x08000968                . = ALIGN (0x4)
                0x08000968                PROVIDE (__preinit_array_start = .)
 *(.preinit_array*)
                0x08000968                PROVIDE (__preinit_array_end = .)
                0x08000968                . = ALIGN (0x4)

.init_array     0x08000968        0x4
                0x08000968                . = ALIGN (0x4)
                0x08000968                PROVIDE (__init_array_start = .)
 *(SORT_BY_NAME(.init_array.*))
 *(.init_array*)
 .init_array    0x08000968        0x4 c:/st/gcc-arm-11.2-2022.02-mingw-w64-i686-arm-none-eabi/bin/../lib/gcc/arm-none-eabi/11.2.1/thumb/v7e-m+fp/hard/crtbegin.o
                0x0800096c                PROVIDE (__init_array_end = .)
                0x0800096c                . = ALIGN (0x4)

.fini_array     0x0800096c        0x4
                0x0800096c                . = ALIGN (0x4)
                [!provide]                PROVIDE (__fini_array_start = .)
 *(SORT_BY_NAME(.fini_array.*))
 *(.fini_array*)
 .fini_array    0x0800096c        0x4 c:/st/gcc-arm-11.2-2022.02-mingw-w64-i686-arm-none-eabi/bin/../lib/gcc/arm-none-eabi/11.2.1/thumb/v7e-m+fp/hard/crtbegin.o
                [!provide]                PROVIDE (__fini_array_end = .)
                0x08000970                . = ALIGN (0x4)
                0x08000970                _sidata = LOADADDR (.data)

.data           0x20000000        0x4 load address 0x08000970
                0x20000000                . = ALIGN (0x4)
                0x20000000                _sdata = .
 *(.data)
 *(.data*)
 .data.SystemCoreClock
                0x20000000        0x4 build/system_stm32f4xx.o
                0x20000000                SystemCoreClock
 *(.RamFunc)
 *(.RamFunc*)
                0x20000004                . = ALIGN (0x4)
                0x20000004                _edata = .

.tm_clone_table
                0x20000004        0x0 load address 0x08000974
 .tm_clone_table
                0x20000004        0x0 c:/st/gcc-arm-11.2-2022.02-mingw-w64-i686-arm-none-eabi/bin/../lib/gcc/arm-none-eabi/11.2.1/thumb/v7e-m+fp/hard/crtbegin.o
 .tm_clone_table
                0x20000004        0x0 c:/st/gcc-arm-11.2-2022.02-mingw-w64-i686-arm-none-eabi/bin/../lib/gcc/arm-none-eabi/11.2.1/thumb/v7e-m+fp/hard/crtend.o

.igot.plt       0x20000004        0x0 load address 0x08000974
 .igot.plt      0x20000004        0x0 c:/st/gcc-arm-11.2-2022.02-mingw-w64-i686-arm-none-eabi/bin/../lib/gcc/arm-none-eabi/11.2.1/thumb/v7e-m+fp/hard/crtbegin.o
                0x20000004                . = ALIGN (0x4)

.bss            0x20000004       0x1c load address 0x08000974
                0x20000004                _sbss = .
                0x20000004                __bss_start__ = _sbss
 *(.bss)
 *(.bss*)
 .bss.completed.1
                0x20000004        0x1 c:/st/gcc-arm-11.2-2022.02-mingw-w64-i686-arm-none-eabi/bin/../lib/gcc/arm-none-eabi/11.2.1/thumb/v7e-m+fp/hard/crtbegin.o
 *fill*         0x20000005        0x3 
 .bss.object.0  0x20000008       0x18 c:/st/gcc-arm-11.2-2022.02-mingw-w64-i686-arm-none-eabi/bin/../lib/gcc/arm-none-eabi/11.2.1/thumb/v7e-m+fp/hard/crtbegin.o
 *(COMMON)
                0x20000020                . = ALIGN (0x4)
                0x20000020                _ebss = .
                0x20000020                __bss_end__ = _ebss

._user_heap_stack
                0x20000020      0x600 load address 0x08000974
                0x20000020                . = ALIGN (0x8)
                [!provide]                PROVIDE (end = .)
                [!provide]                PROVIDE (_end = .)
                0x20000220                . = (. + _Min_Heap_Size)
 *fill*         0x20000020      0x200 
                0x20000620                . = (. + _Min_Stack_Size)
 *fill*         0x20000220      0x400 
                0x20000620                . = ALIGN (0x8)

/DISCARD/
 libc.a(*)
 libm.a(*)
 libgcc.a(*)

.ARM.attributes
                0x00000000       0x30
 *(.ARM.attributes)
 .ARM.attributes
                0x00000000       0x1e c:/st/gcc-arm-11.2-2022.02-mingw-w64-i686-arm-none-eabi/bin/../lib/gcc/arm-none-eabi/11.2.1/thumb/v7e-m+fp/hard/crti.o
 .ARM.attributes
                0x0000001e       0x34 c:/st/gcc-arm-11.2-2022.02-mingw-w64-i686-arm-none-eabi/bin/../lib/gcc/arm-none-eabi/11.2.1/thumb/v7e-m+fp/hard/crtbegin.o
 .ARM.attributes
                0x00000052       0x34 build/main.o
 .ARM.attributes
                0x00000086       0x34 build/system_stm32f4xx.o
 .ARM.attributes
                0x000000ba       0x34 build/stm32f4xx_ll_gpio.o
 .ARM.attributes
                0x000000ee       0x34 build/stm32f4xx_ll_utils.o
 .ARM.attributes
                0x00000122       0x21 build/startup_stm32f411xe.o
 .ARM.attributes
                0x00000143       0x34 c:/st/gcc-arm-11.2-2022.02-mingw-w64-i686-arm-none-eabi/bin/../lib/gcc/arm-none-eabi/11.2.1/thumb/v7e-m+fp/hard\libc_nano.a(lib_a-init.o)
 .ARM.attributes
                0x00000177       0x34 c:/st/gcc-arm-11.2-2022.02-mingw-w64-i686-arm-none-eabi/bin/../lib/gcc/arm-none-eabi/11.2.1/thumb/v7e-m+fp/hard/crtend.o
 .ARM.attributes
                0x000001ab       0x1e c:/st/gcc-arm-11.2-2022.02-mingw-w64-i686-arm-none-eabi/bin/../lib/gcc/arm-none-eabi/11.2.1/thumb/v7e-m+fp/hard/crtn.o
OUTPUT(build/main.elf elf32-littlearm)
LOAD linker stubs
LOAD c:/st/gcc-arm-11.2-2022.02-mingw-w64-i686-arm-none-eabi/bin/../lib/gcc/arm-none-eabi/11.2.1/thumb/v7e-m+fp/hard\libc.a
LOAD c:/st/gcc-arm-11.2-2022.02-mingw-w64-i686-arm-none-eabi/bin/../lib/gcc/arm-none-eabi/11.2.1/thumb/v7e-m+fp/hard\libm.a
LOAD c:/st/gcc-arm-11.2-2022.02-mingw-w64-i686-arm-none-eabi/bin/../lib/gcc/arm-none-eabi/11.2.1/thumb/v7e-m+fp/hard\libgcc.a

.comment        0x00000000       0x57
 .comment       0x00000000       0x57 c:/st/gcc-arm-11.2-2022.02-mingw-w64-i686-arm-none-eabi/bin/../lib/gcc/arm-none-eabi/11.2.1/thumb/v7e-m+fp/hard/crtbegin.o
                                 0x58 (size before relaxing)
 .comment       0x00000057       0x58 build/main.o
 .comment       0x00000057       0x58 build/system_stm32f4xx.o
 .comment       0x00000057       0x58 build/stm32f4xx_ll_gpio.o
 .comment       0x00000057       0x58 build/stm32f4xx_ll_utils.o
 .comment       0x00000057       0x58 c:/st/gcc-arm-11.2-2022.02-mingw-w64-i686-arm-none-eabi/bin/../lib/gcc/arm-none-eabi/11.2.1/thumb/v7e-m+fp/hard\libc_nano.a(lib_a-init.o)
 .comment       0x00000057       0x58 c:/st/gcc-arm-11.2-2022.02-mingw-w64-i686-arm-none-eabi/bin/../lib/gcc/arm-none-eabi/11.2.1/thumb/v7e-m+fp/hard/crtend.o

.debug_info     0x00000000     0x1c81
 .debug_info    0x00000000      0x4ea build/main.o
 .debug_info    0x000004ea      0x533 build/system_stm32f4xx.o
 .debug_info    0x00000a1d      0x7f5 build/stm32f4xx_ll_gpio.o
 .debug_info    0x00001212      0x941 build/stm32f4xx_ll_utils.o
 .debug_info    0x00001b53       0x23 build/startup_stm32f411xe.o
 .debug_info    0x00001b76      0x10b c:/st/gcc-arm-11.2-2022.02-mingw-w64-i686-arm-none-eabi/bin/../lib/gcc/arm-none-eabi/11.2.1/thumb/v7e-m+fp/hard\libc_nano.a(lib_a-init.o)

.debug_abbrev   0x00000000      0x861
 .debug_abbrev  0x00000000      0x205 build/main.o
 .debug_abbrev  0x00000205      0x118 build/system_stm32f4xx.o
 .debug_abbrev  0x0000031d      0x239 build/stm32f4xx_ll_gpio.o
 .debug_abbrev  0x00000556      0x230 build/stm32f4xx_ll_utils.o
 .debug_abbrev  0x00000786       0x12 build/startup_stm32f411xe.o
 .debug_abbrev  0x00000798       0xc9 c:/st/gcc-arm-11.2-2022.02-mingw-w64-i686-arm-none-eabi/bin/../lib/gcc/arm-none-eabi/11.2.1/thumb/v7e-m+fp/hard\libc_nano.a(lib_a-init.o)

.debug_aranges  0x00000000      0x220
 .debug_aranges
                0x00000000       0x48 build/main.o
 .debug_aranges
                0x00000048       0x28 build/system_stm32f4xx.o
 .debug_aranges
                0x00000070       0x70 build/stm32f4xx_ll_gpio.o
 .debug_aranges
                0x000000e0       0xf8 build/stm32f4xx_ll_utils.o
 .debug_aranges
                0x000001d8       0x28 build/startup_stm32f411xe.o
 .debug_aranges
                0x00000200       0x20 c:/st/gcc-arm-11.2-2022.02-mingw-w64-i686-arm-none-eabi/bin/../lib/gcc/arm-none-eabi/11.2.1/thumb/v7e-m+fp/hard\libc_nano.a(lib_a-init.o)

.debug_rnglists
                0x00000000      0x181
 .debug_rnglists
                0x00000000       0x31 build/main.o
 .debug_rnglists
                0x00000031       0x1a build/system_stm32f4xx.o
 .debug_rnglists
                0x0000004b       0x51 build/stm32f4xx_ll_gpio.o
 .debug_rnglists
                0x0000009c       0xb9 build/stm32f4xx_ll_utils.o
 .debug_rnglists
                0x00000155       0x19 build/startup_stm32f411xe.o
 .debug_rnglists
                0x0000016e       0x13 c:/st/gcc-arm-11.2-2022.02-mingw-w64-i686-arm-none-eabi/bin/../lib/gcc/arm-none-eabi/11.2.1/thumb/v7e-m+fp/hard\libc_nano.a(lib_a-init.o)

.debug_line     0x00000000     0x1616
 .debug_line    0x00000000      0x2a5 build/main.o
 .debug_line    0x000002a5      0x271 build/system_stm32f4xx.o
 .debug_line    0x00000516      0x5b9 build/stm32f4xx_ll_gpio.o
 .debug_line    0x00000acf      0x94e build/stm32f4xx_ll_utils.o
 .debug_line    0x0000141d       0x7a build/startup_stm32f411xe.o
 .debug_line    0x00001497      0x17f c:/st/gcc-arm-11.2-2022.02-mingw-w64-i686-arm-none-eabi/bin/../lib/gcc/arm-none-eabi/11.2.1/thumb/v7e-m+fp/hard\libc_nano.a(lib_a-init.o)

.debug_str      0x00000000      0xbc2
 .debug_str     0x00000000      0x36c build/main.o
                                0x3e6 (size before relaxing)
 .debug_str     0x0000036c       0xfe build/system_stm32f4xx.o
                                0x39d (size before relaxing)
 .debug_str     0x0000046a      0x150 build/stm32f4xx_ll_gpio.o
                                0x495 (size before relaxing)
 .debug_str     0x000005ba      0x3f8 build/stm32f4xx_ll_utils.o
                                0x719 (size before relaxing)
 .debug_str     0x000009b2       0x22 build/startup_stm32f411xe.o
                                 0x5d (size before relaxing)
 .debug_str     0x000009d4      0x1ee c:/st/gcc-arm-11.2-2022.02-mingw-w64-i686-arm-none-eabi/bin/../lib/gcc/arm-none-eabi/11.2.1/thumb/v7e-m+fp/hard\libc_nano.a(lib_a-init.o)
                                0x277 (size before relaxing)

.debug_frame    0x00000000      0x728
 .debug_frame   0x00000000       0xe8 build/main.o
 .debug_frame   0x000000e8       0x58 build/system_stm32f4xx.o
 .debug_frame   0x00000140      0x1c4 build/stm32f4xx_ll_gpio.o
 .debug_frame   0x00000304      0x3f8 build/stm32f4xx_ll_utils.o
 .debug_frame   0x000006fc       0x2c c:/st/gcc-arm-11.2-2022.02-mingw-w64-i686-arm-none-eabi/bin/../lib/gcc/arm-none-eabi/11.2.1/thumb/v7e-m+fp/hard\libc_nano.a(lib_a-init.o)

.debug_line_str
                0x00000000       0x59
 .debug_line_str
                0x00000000       0x59 build/startup_stm32f411xe.o
                                 0xb2 (size before relaxing)

.debug_loclists
                0x00000000       0x44
 .debug_loclists
                0x00000000       0x44 c:/st/gcc-arm-11.2-2022.02-mingw-w64-i686-arm-none-eabi/bin/../lib/gcc/arm-none-eabi/11.2.1/thumb/v7e-m+fp/hard\libc_nano.a(lib_a-init.o)
